// Jest Snapshot v1, https://goo.gl/fbAQLP

exports[`Login matches Login snapshot 1`] = `
<div
  className="container-fluid"
>
  <a
    className="d-flex justify-content-end"
    href="/"
    onClick={[Function]}
  >
    <button
      data-testid="home"
      type="button"
    >
      Home
    </button>
  </a>
  <form
    data-testid="form"
    name="myForm"
    onSubmit={[Function]}
  >
    <label
      className="text-left"
      htmlFor="email"
    >
      Email:
      <br />
      <input
        id="email"
        name="email"
        onChange={[Function]}
        placeholder="Enter your email"
        type="text"
      />
    </label>
    <br />
    <label
      className="text-left"
      htmlFor="password"
    >
      Password:
      <br />
      <input
        id="password"
        name="password"
        onChange={[Function]}
        placeholder="Enter your password"
        type="password"
      />
    </label>
    <br />
    <button
      onClick={[Function]}
      type="submit"
    >
      Login
    </button>
    <div>
      <span>
        Don't have an account? 
      </span>
      <a
        href="/register"
        onClick={[Function]}
      >
        Register
      </a>
    </div>
    
  </form>
</div>
`;
