// Jest Snapshot v1, https://goo.gl/fbAQLP

exports[`Register matches Register snapshot 1`] = `
<div
  className="container-fluid"
  data-testId="container"
>
  <a
    className="d-flex justify-content-end"
    href="/"
    onClick={[Function]}
  >
    <button
      type="button"
    >
      Home
    </button>
  </a>
  <form
    data-testId="form"
    onSubmit={[Function]}
  >
    <label
      className="text-left"
      htmlFor="name"
    >
      Name:
      <br />
      <input
        id="name"
        name="name"
        onChange={[Function]}
        placeholder="Enter your name"
        type="text"
      />
    </label>
    <br />
    <label
      className="text-left"
      htmlFor="username"
    >
      Username:
      <br />
      <input
        id="username"
        name="username"
        onChange={[Function]}
        placeholder="Enter your username"
        type="text"
      />
    </label>
    <br />
    <label
      className="text-left"
      htmlFor="email"
    >
      Email:
      <br />
      <input
        id="email"
        name="email"
        onChange={[Function]}
        placeholder="Enter your email"
        type="text"
      />
    </label>
    <br />
    <label
      className="text-left"
      htmlFor="password"
    >
      Password:
      <br />
      <input
        id="password"
        name="password"
        onChange={[Function]}
        placeholder="Enter your password"
        type="password"
      />
    </label>
    <br />
    <button
      onClick={[Function]}
      type="submit"
    >
      Register
    </button>
    <div>
      <span>
        Already have an account? 
      </span>
      <a
        href="/login"
        onClick={[Function]}
      >
        Login
      </a>
    </div>
    
  </form>
</div>
`;
